// Jest Snapshot v1, https://goo.gl/fbAQLP

exports[`CurrentWeather component should match the snapshot 1`] = `<div />`;
